  Determining projects to restore...
  All projects are up-to-date for restore.
C:\Users\Knover\Documents\GitHub\GameTracker\backend\Data\DatabaseHelper.cs(13,88): warning CS8625: Cannot convert null literal to non-nullable reference type. [C:\Users\Knover\Documents\GitHub\GameTracker\backend\GameTracker.Api.csproj]
C:\Users\Knover\Documents\GitHub\GameTracker\backend\Managers\LibraryManager.cs(43,83): warning CS8625: Cannot convert null literal to non-nullable reference type. [C:\Users\Knover\Documents\GitHub\GameTracker\backend\GameTracker.Api.csproj]
C:\Users\Knover\Documents\GitHub\GameTracker\backend\Data\DatabaseHelper.cs(35,85): warning CS8625: Cannot convert null literal to non-nullable reference type. [C:\Users\Knover\Documents\GitHub\GameTracker\backend\GameTracker.Api.csproj]
C:\Users\Knover\Documents\GitHub\GameTracker\backend\Data\DatabaseHelper.cs(57,86): warning CS8625: Cannot convert null literal to non-nullable reference type. [C:\Users\Knover\Documents\GitHub\GameTracker\backend\GameTracker.Api.csproj]
C:\Users\Knover\Documents\GitHub\GameTracker\backend\Controllers\LibraryController.cs(24,85): warning CS8625: Cannot convert null literal to non-nullable reference type. [C:\Users\Knover\Documents\GitHub\GameTracker\backend\GameTracker.Api.csproj]
C:\Users\Knover\Documents\GitHub\GameTracker\backend\Controllers\LibraryController.cs(122,23): warning CS8618: Non-nullable property 'NewStatus' must contain a non-null value when exiting constructor. Consider adding the 'required' modifier or declaring the property as nullable. [C:\Users\Knover\Documents\GitHub\GameTracker\backend\GameTracker.Api.csproj]
C:\Users\Knover\Documents\GitHub\GameTracker\backend\Models\Game.cs(176,27): warning CS8618: Non-nullable property 'results' must contain a non-null value when exiting constructor. Consider adding the 'required' modifier or declaring the property as nullable. [C:\Users\Knover\Documents\GitHub\GameTracker\backend\GameTracker.Api.csproj]
C:\Users\Knover\Documents\GitHub\GameTracker\backend\Models\Game.cs(170,23): warning CS8618: Non-nullable property 'Name' must contain a non-null value when exiting constructor. Consider adding the 'required' modifier or declaring the property as nullable. [C:\Users\Knover\Documents\GitHub\GameTracker\backend\GameTracker.Api.csproj]
C:\Users\Knover\Documents\GitHub\GameTracker\backend\Controllers\UserController.cs(55,23): warning CS8618: Non-nullable property 'EmailOrUsername' must contain a non-null value when exiting constructor. Consider adding the 'required' modifier or declaring the property as nullable. [C:\Users\Knover\Documents\GitHub\GameTracker\backend\GameTracker.Api.csproj]
C:\Users\Knover\Documents\GitHub\GameTracker\backend\Controllers\UserController.cs(56,23): warning CS8618: Non-nullable property 'Password' must contain a non-null value when exiting constructor. Consider adding the 'required' modifier or declaring the property as nullable. [C:\Users\Knover\Documents\GitHub\GameTracker\backend\GameTracker.Api.csproj]
C:\Users\Knover\Documents\GitHub\GameTracker\backend\AppConfig.cs(9,50): warning CS8603: Possible null reference return. [C:\Users\Knover\Documents\GitHub\GameTracker\backend\GameTracker.Api.csproj]
C:\Users\Knover\Documents\GitHub\GameTracker\backend\Models\Game.cs(164,23): warning CS8618: Non-nullable property 'Name' must contain a non-null value when exiting constructor. Consider adding the 'required' modifier or declaring the property as nullable. [C:\Users\Knover\Documents\GitHub\GameTracker\backend\GameTracker.Api.csproj]
C:\Users\Knover\Documents\GitHub\GameTracker\backend\AppConfig.cs(10,44): warning CS8603: Possible null reference return. [C:\Users\Knover\Documents\GitHub\GameTracker\backend\GameTracker.Api.csproj]
C:\Users\Knover\Documents\GitHub\GameTracker\backend\AppConfig.cs(11,46): warning CS8603: Possible null reference return. [C:\Users\Knover\Documents\GitHub\GameTracker\backend\GameTracker.Api.csproj]
C:\Users\Knover\Documents\GitHub\GameTracker\backend\Controllers\UserController.cs(48,23): warning CS8618: Non-nullable property 'Username' must contain a non-null value when exiting constructor. Consider adding the 'required' modifier or declaring the property as nullable. [C:\Users\Knover\Documents\GitHub\GameTracker\backend\GameTracker.Api.csproj]
C:\Users\Knover\Documents\GitHub\GameTracker\backend\Controllers\UserController.cs(49,23): warning CS8618: Non-nullable property 'Email' must contain a non-null value when exiting constructor. Consider adding the 'required' modifier or declaring the property as nullable. [C:\Users\Knover\Documents\GitHub\GameTracker\backend\GameTracker.Api.csproj]
C:\Users\Knover\Documents\GitHub\GameTracker\backend\Controllers\UserController.cs(50,23): warning CS8618: Non-nullable property 'Password' must contain a non-null value when exiting constructor. Consider adding the 'required' modifier or declaring the property as nullable. [C:\Users\Knover\Documents\GitHub\GameTracker\backend\GameTracker.Api.csproj]
C:\Users\Knover\Documents\GitHub\GameTracker\backend\Models\Game.cs(155,23): warning CS8618: Non-nullable property 'Name' must contain a non-null value when exiting constructor. Consider adding the 'required' modifier or declaring the property as nullable. [C:\Users\Knover\Documents\GitHub\GameTracker\backend\GameTracker.Api.csproj]
C:\Users\Knover\Documents\GitHub\GameTracker\backend\Models\Game.cs(158,23): warning CS8618: Non-nullable property 'Slug' must contain a non-null value when exiting constructor. Consider adding the 'required' modifier or declaring the property as nullable. [C:\Users\Knover\Documents\GitHub\GameTracker\backend\GameTracker.Api.csproj]
C:\Users\Knover\Documents\GitHub\GameTracker\backend\AppConfig.cs(12,45): warning CS8603: Possible null reference return. [C:\Users\Knover\Documents\GitHub\GameTracker\backend\GameTracker.Api.csproj]
C:\Users\Knover\Documents\GitHub\GameTracker\backend\AppConfig.cs(13,46): warning CS8603: Possible null reference return. [C:\Users\Knover\Documents\GitHub\GameTracker\backend\GameTracker.Api.csproj]
C:\Users\Knover\Documents\GitHub\GameTracker\backend\AppConfig.cs(7,38): warning CS8618: Non-nullable property 'Configuration' must contain a non-null value when exiting constructor. Consider adding the 'required' modifier or declaring the property as nullable. [C:\Users\Knover\Documents\GitHub\GameTracker\backend\GameTracker.Api.csproj]
C:\Users\Knover\Documents\GitHub\GameTracker\backend\Models\Game.cs(146,23): warning CS8618: Non-nullable property 'Name' must contain a non-null value when exiting constructor. Consider adding the 'required' modifier or declaring the property as nullable. [C:\Users\Knover\Documents\GitHub\GameTracker\backend\GameTracker.Api.csproj]
C:\Users\Knover\Documents\GitHub\GameTracker\backend\Models\Game.cs(149,23): warning CS8618: Non-nullable property 'Slug' must contain a non-null value when exiting constructor. Consider adding the 'required' modifier or declaring the property as nullable. [C:\Users\Knover\Documents\GitHub\GameTracker\backend\GameTracker.Api.csproj]
C:\Users\Knover\Documents\GitHub\GameTracker\backend\Models\Game.cs(74,33): warning CS8618: Non-nullable property 'Results' must contain a non-null value when exiting constructor. Consider adding the 'required' modifier or declaring the property as nullable. [C:\Users\Knover\Documents\GitHub\GameTracker\backend\GameTracker.Api.csproj]
C:\Users\Knover\Documents\GitHub\GameTracker\backend\Models\Game.cs(134,23): warning CS8618: Non-nullable property 'Minimum' must contain a non-null value when exiting constructor. Consider adding the 'required' modifier or declaring the property as nullable. [C:\Users\Knover\Documents\GitHub\GameTracker\backend\GameTracker.Api.csproj]
C:\Users\Knover\Documents\GitHub\GameTracker\backend\Models\Game.cs(137,23): warning CS8618: Non-nullable property 'Recommended' must contain a non-null value when exiting constructor. Consider adding the 'required' modifier or declaring the property as nullable. [C:\Users\Knover\Documents\GitHub\GameTracker\backend\GameTracker.Api.csproj]
C:\Users\Knover\Documents\GitHub\GameTracker\backend\Models\Game.cs(83,23): warning CS8618: Non-nullable property 'ImageUrl' must contain a non-null value when exiting constructor. Consider adding the 'required' modifier or declaring the property as nullable. [C:\Users\Knover\Documents\GitHub\GameTracker\backend\GameTracker.Api.csproj]
C:\Users\Knover\Documents\GitHub\GameTracker\backend\Models\Game.cs(125,23): warning CS8618: Non-nullable property 'Name' must contain a non-null value when exiting constructor. Consider adding the 'required' modifier or declaring the property as nullable. [C:\Users\Knover\Documents\GitHub\GameTracker\backend\GameTracker.Api.csproj]
C:\Users\Knover\Documents\GitHub\GameTracker\backend\Models\Game.cs(128,23): warning CS8618: Non-nullable property 'Slug' must contain a non-null value when exiting constructor. Consider adding the 'required' modifier or declaring the property as nullable. [C:\Users\Knover\Documents\GitHub\GameTracker\backend\GameTracker.Api.csproj]
C:\Users\Knover\Documents\GitHub\GameTracker\backend\Models\Game.cs(119,23): warning CS8618: Non-nullable property 'Name' must contain a non-null value when exiting constructor. Consider adding the 'required' modifier or declaring the property as nullable. [C:\Users\Knover\Documents\GitHub\GameTracker\backend\GameTracker.Api.csproj]
C:\Users\Knover\Documents\GitHub\GameTracker\backend\Models\Game.cs(89,29): warning CS8618: Non-nullable property 'Platform' must contain a non-null value when exiting constructor. Consider adding the 'required' modifier or declaring the property as nullable. [C:\Users\Knover\Documents\GitHub\GameTracker\backend\GameTracker.Api.csproj]
C:\Users\Knover\Documents\GitHub\GameTracker\backend\Models\Game.cs(92,23): warning CS8618: Non-nullable property 'ReleasedAt' must contain a non-null value when exiting constructor. Consider adding the 'required' modifier or declaring the property as nullable. [C:\Users\Knover\Documents\GitHub\GameTracker\backend\GameTracker.Api.csproj]
C:\Users\Knover\Documents\GitHub\GameTracker\backend\Models\Game.cs(95,29): warning CS8618: Non-nullable property 'Requirements' must contain a non-null value when exiting constructor. Consider adding the 'required' modifier or declaring the property as nullable. [C:\Users\Knover\Documents\GitHub\GameTracker\backend\GameTracker.Api.csproj]
C:\Users\Knover\Documents\GitHub\GameTracker\backend\Models\Game.cs(113,26): warning CS8618: Non-nullable property 'Store' must contain a non-null value when exiting constructor. Consider adding the 'required' modifier or declaring the property as nullable. [C:\Users\Knover\Documents\GitHub\GameTracker\backend\GameTracker.Api.csproj]
C:\Users\Knover\Documents\GitHub\GameTracker\backend\Models\Game.cs(104,23): warning CS8618: Non-nullable property 'Name' must contain a non-null value when exiting constructor. Consider adding the 'required' modifier or declaring the property as nullable. [C:\Users\Knover\Documents\GitHub\GameTracker\backend\GameTracker.Api.csproj]
C:\Users\Knover\Documents\GitHub\GameTracker\backend\Models\Game.cs(107,23): warning CS8618: Non-nullable property 'Slug' must contain a non-null value when exiting constructor. Consider adding the 'required' modifier or declaring the property as nullable. [C:\Users\Knover\Documents\GitHub\GameTracker\backend\GameTracker.Api.csproj]
C:\Users\Knover\Documents\GitHub\GameTracker\backend\Data\DatabaseHelper.cs(59,29): warning CS8600: Converting null literal or possible null value to non-nullable type. [C:\Users\Knover\Documents\GitHub\GameTracker\backend\GameTracker.Api.csproj]
C:\Users\Knover\Documents\GitHub\GameTracker\backend\Managers\UserManager.cs(88,34): warning CS8600: Converting null literal or possible null value to non-nullable type. [C:\Users\Knover\Documents\GitHub\GameTracker\backend\GameTracker.Api.csproj]
C:\Users\Knover\Documents\GitHub\GameTracker\backend\Managers\UserManager.cs(89,41): warning CS8600: Converting null literal or possible null value to non-nullable type. [C:\Users\Knover\Documents\GitHub\GameTracker\backend\GameTracker.Api.csproj]
C:\Users\Knover\Documents\GitHub\GameTracker\backend\Managers\UserManager.cs(92,67): warning CS8604: Possible null reference argument for parameter 'salt' in 'string UserManager.HashPassword(string password, string salt)'. [C:\Users\Knover\Documents\GitHub\GameTracker\backend\GameTracker.Api.csproj]
C:\Users\Knover\Documents\GitHub\GameTracker\backend\Managers\UserManager.cs(99,20): warning CS8603: Possible null reference return. [C:\Users\Knover\Documents\GitHub\GameTracker\backend\GameTracker.Api.csproj]
C:\Users\Knover\Documents\GitHub\GameTracker\backend\Models\Game.cs(12,23): warning CS8618: Non-nullable property 'Name' must contain a non-null value when exiting constructor. Consider adding the 'required' modifier or declaring the property as nullable. [C:\Users\Knover\Documents\GitHub\GameTracker\backend\GameTracker.Api.csproj]
C:\Users\Knover\Documents\GitHub\GameTracker\backend\Models\Game.cs(15,23): warning CS8618: Non-nullable property 'BackgroundImage' must contain a non-null value when exiting constructor. Consider adding the 'required' modifier or declaring the property as nullable. [C:\Users\Knover\Documents\GitHub\GameTracker\backend\GameTracker.Api.csproj]
C:\Users\Knover\Documents\GitHub\GameTracker\backend\Models\Game.cs(18,23): warning CS8618: Non-nullable property 'BackgroundImageAdditional' must contain a non-null value when exiting constructor. Consider adding the 'required' modifier or declaring the property as nullable. [C:\Users\Knover\Documents\GitHub\GameTracker\backend\GameTracker.Api.csproj]
C:\Users\Knover\Documents\GitHub\GameTracker\backend\Models\Game.cs(21,23): warning CS8618: Non-nullable property 'DescriptionRaw' must contain a non-null value when exiting constructor. Consider adding the 'required' modifier or declaring the property as nullable. [C:\Users\Knover\Documents\GitHub\GameTracker\backend\GameTracker.Api.csproj]
C:\Users\Knover\Documents\GitHub\GameTracker\backend\Models\Game.cs(33,23): warning CS8618: Non-nullable property 'Released' must contain a non-null value when exiting constructor. Consider adding the 'required' modifier or declaring the property as nullable. [C:\Users\Knover\Documents\GitHub\GameTracker\backend\GameTracker.Api.csproj]
C:\Users\Knover\Documents\GitHub\GameTracker\backend\Models\Game.cs(36,23): warning CS8618: Non-nullable property 'Updated' must contain a non-null value when exiting constructor. Consider adding the 'required' modifier or declaring the property as nullable. [C:\Users\Knover\Documents\GitHub\GameTracker\backend\GameTracker.Api.csproj]
C:\Users\Knover\Documents\GitHub\GameTracker\backend\Models\Game.cs(42,23): warning CS8618: Non-nullable property 'Website' must contain a non-null value when exiting constructor. Consider adding the 'required' modifier or declaring the property as nullable. [C:\Users\Knover\Documents\GitHub\GameTracker\backend\GameTracker.Api.csproj]
C:\Users\Knover\Documents\GitHub\GameTracker\backend\Models\Game.cs(45,27): warning CS8618: Non-nullable property 'EsrbRating' must contain a non-null value when exiting constructor. Consider adding the 'required' modifier or declaring the property as nullable. [C:\Users\Knover\Documents\GitHub\GameTracker\backend\GameTracker.Api.csproj]
C:\Users\Knover\Documents\GitHub\GameTracker\backend\Models\Game.cs(48,38): warning CS8618: Non-nullable property 'Platforms' must contain a non-null value when exiting constructor. Consider adding the 'required' modifier or declaring the property as nullable. [C:\Users\Knover\Documents\GitHub\GameTracker\backend\GameTracker.Api.csproj]
C:\Users\Knover\Documents\GitHub\GameTracker\backend\Models\Game.cs(51,28): warning CS8618: Non-nullable property 'Genres' must contain a non-null value when exiting constructor. Consider adding the 'required' modifier or declaring the property as nullable. [C:\Users\Knover\Documents\GitHub\GameTracker\backend\GameTracker.Api.csproj]
C:\Users\Knover\Documents\GitHub\GameTracker\backend\Models\Game.cs(54,32): warning CS8618: Non-nullable property 'Developers' must contain a non-null value when exiting constructor. Consider adding the 'required' modifier or declaring the property as nullable. [C:\Users\Knover\Documents\GitHub\GameTracker\backend\GameTracker.Api.csproj]
C:\Users\Knover\Documents\GitHub\GameTracker\backend\Models\Game.cs(57,32): warning CS8618: Non-nullable property 'Publishers' must contain a non-null value when exiting constructor. Consider adding the 'required' modifier or declaring the property as nullable. [C:\Users\Knover\Documents\GitHub\GameTracker\backend\GameTracker.Api.csproj]
C:\Users\Knover\Documents\GitHub\GameTracker\backend\Models\Game.cs(60,35): warning CS8618: Non-nullable property 'Stores' must contain a non-null value when exiting constructor. Consider adding the 'required' modifier or declaring the property as nullable. [C:\Users\Knover\Documents\GitHub\GameTracker\backend\GameTracker.Api.csproj]
C:\Users\Knover\Documents\GitHub\GameTracker\backend\Models\Game.cs(63,26): warning CS8618: Non-nullable property 'Tags' must contain a non-null value when exiting constructor. Consider adding the 'required' modifier or declaring the property as nullable. [C:\Users\Knover\Documents\GitHub\GameTracker\backend\GameTracker.Api.csproj]
C:\Users\Knover\Documents\GitHub\GameTracker\backend\Models\Game.cs(66,33): warning CS8618: Non-nullable property 'ShortScreenshots' must contain a non-null value when exiting constructor. Consider adding the 'required' modifier or declaring the property as nullable. [C:\Users\Knover\Documents\GitHub\GameTracker\backend\GameTracker.Api.csproj]
C:\Users\Knover\Documents\GitHub\GameTracker\backend\Managers\LibraryManager.cs(78,28): warning CS8601: Possible null reference assignment. [C:\Users\Knover\Documents\GitHub\GameTracker\backend\GameTracker.Api.csproj]
C:\Users\Knover\Documents\GitHub\GameTracker\backend\Managers\LibraryManager.cs(79,39): warning CS8601: Possible null reference assignment. [C:\Users\Knover\Documents\GitHub\GameTracker\backend\GameTracker.Api.csproj]
C:\Users\Knover\Documents\GitHub\GameTracker\backend\Program.cs(17,28): error CS0246: The type or namespace name 'RawgApiService' could not be found (are you missing a using directive or an assembly reference?) [C:\Users\Knover\Documents\GitHub\GameTracker\backend\GameTracker.Api.csproj]
C:\Users\Knover\Documents\GitHub\GameTracker\backend\Program.cs(19,28): error CS0246: The type or namespace name 'EmailService' could not be found (are you missing a using directive or an assembly reference?) [C:\Users\Knover\Documents\GitHub\GameTracker\backend\GameTracker.Api.csproj]
C:\Users\Knover\Documents\GitHub\GameTracker\backend\Services\GeminiService.cs(87,37): warning CS8600: Converting null literal or possible null value to non-nullable type. [C:\Users\Knover\Documents\GitHub\GameTracker\backend\GameTracker.Api.csproj]
C:\Users\Knover\Documents\GitHub\GameTracker\backend\Services\RawgApiService.cs(181,28): warning CS8603: Possible null reference return. [C:\Users\Knover\Documents\GitHub\GameTracker\backend\GameTracker.Api.csproj]
C:\Users\Knover\Documents\GitHub\GameTracker\backend\Services\RawgApiService.cs(188,24): warning CS8603: Possible null reference return. [C:\Users\Knover\Documents\GitHub\GameTracker\backend\GameTracker.Api.csproj]
C:\Users\Knover\Documents\GitHub\GameTracker\backend\Services\RawgApiService.cs(193,24): warning CS8603: Possible null reference return. [C:\Users\Knover\Documents\GitHub\GameTracker\backend\GameTracker.Api.csproj]

Build FAILED.

C:\Users\Knover\Documents\GitHub\GameTracker\backend\Data\DatabaseHelper.cs(13,88): warning CS8625: Cannot convert null literal to non-nullable reference type. [C:\Users\Knover\Documents\GitHub\GameTracker\backend\GameTracker.Api.csproj]
C:\Users\Knover\Documents\GitHub\GameTracker\backend\Managers\LibraryManager.cs(43,83): warning CS8625: Cannot convert null literal to non-nullable reference type. [C:\Users\Knover\Documents\GitHub\GameTracker\backend\GameTracker.Api.csproj]
C:\Users\Knover\Documents\GitHub\GameTracker\backend\Data\DatabaseHelper.cs(35,85): warning CS8625: Cannot convert null literal to non-nullable reference type. [C:\Users\Knover\Documents\GitHub\GameTracker\backend\GameTracker.Api.csproj]
C:\Users\Knover\Documents\GitHub\GameTracker\backend\Data\DatabaseHelper.cs(57,86): warning CS8625: Cannot convert null literal to non-nullable reference type. [C:\Users\Knover\Documents\GitHub\GameTracker\backend\GameTracker.Api.csproj]
C:\Users\Knover\Documents\GitHub\GameTracker\backend\Controllers\LibraryController.cs(24,85): warning CS8625: Cannot convert null literal to non-nullable reference type. [C:\Users\Knover\Documents\GitHub\GameTracker\backend\GameTracker.Api.csproj]
C:\Users\Knover\Documents\GitHub\GameTracker\backend\Controllers\LibraryController.cs(122,23): warning CS8618: Non-nullable property 'NewStatus' must contain a non-null value when exiting constructor. Consider adding the 'required' modifier or declaring the property as nullable. [C:\Users\Knover\Documents\GitHub\GameTracker\backend\GameTracker.Api.csproj]
C:\Users\Knover\Documents\GitHub\GameTracker\backend\Models\Game.cs(176,27): warning CS8618: Non-nullable property 'results' must contain a non-null value when exiting constructor. Consider adding the 'required' modifier or declaring the property as nullable. [C:\Users\Knover\Documents\GitHub\GameTracker\backend\GameTracker.Api.csproj]
C:\Users\Knover\Documents\GitHub\GameTracker\backend\Models\Game.cs(170,23): warning CS8618: Non-nullable property 'Name' must contain a non-null value when exiting constructor. Consider adding the 'required' modifier or declaring the property as nullable. [C:\Users\Knover\Documents\GitHub\GameTracker\backend\GameTracker.Api.csproj]
C:\Users\Knover\Documents\GitHub\GameTracker\backend\Controllers\UserController.cs(55,23): warning CS8618: Non-nullable property 'EmailOrUsername' must contain a non-null value when exiting constructor. Consider adding the 'required' modifier or declaring the property as nullable. [C:\Users\Knover\Documents\GitHub\GameTracker\backend\GameTracker.Api.csproj]
C:\Users\Knover\Documents\GitHub\GameTracker\backend\Controllers\UserController.cs(56,23): warning CS8618: Non-nullable property 'Password' must contain a non-null value when exiting constructor. Consider adding the 'required' modifier or declaring the property as nullable. [C:\Users\Knover\Documents\GitHub\GameTracker\backend\GameTracker.Api.csproj]
C:\Users\Knover\Documents\GitHub\GameTracker\backend\AppConfig.cs(9,50): warning CS8603: Possible null reference return. [C:\Users\Knover\Documents\GitHub\GameTracker\backend\GameTracker.Api.csproj]
C:\Users\Knover\Documents\GitHub\GameTracker\backend\Models\Game.cs(164,23): warning CS8618: Non-nullable property 'Name' must contain a non-null value when exiting constructor. Consider adding the 'required' modifier or declaring the property as nullable. [C:\Users\Knover\Documents\GitHub\GameTracker\backend\GameTracker.Api.csproj]
C:\Users\Knover\Documents\GitHub\GameTracker\backend\AppConfig.cs(10,44): warning CS8603: Possible null reference return. [C:\Users\Knover\Documents\GitHub\GameTracker\backend\GameTracker.Api.csproj]
C:\Users\Knover\Documents\GitHub\GameTracker\backend\AppConfig.cs(11,46): warning CS8603: Possible null reference return. [C:\Users\Knover\Documents\GitHub\GameTracker\backend\GameTracker.Api.csproj]
C:\Users\Knover\Documents\GitHub\GameTracker\backend\Controllers\UserController.cs(48,23): warning CS8618: Non-nullable property 'Username' must contain a non-null value when exiting constructor. Consider adding the 'required' modifier or declaring the property as nullable. [C:\Users\Knover\Documents\GitHub\GameTracker\backend\GameTracker.Api.csproj]
C:\Users\Knover\Documents\GitHub\GameTracker\backend\Controllers\UserController.cs(49,23): warning CS8618: Non-nullable property 'Email' must contain a non-null value when exiting constructor. Consider adding the 'required' modifier or declaring the property as nullable. [C:\Users\Knover\Documents\GitHub\GameTracker\backend\GameTracker.Api.csproj]
C:\Users\Knover\Documents\GitHub\GameTracker\backend\Controllers\UserController.cs(50,23): warning CS8618: Non-nullable property 'Password' must contain a non-null value when exiting constructor. Consider adding the 'required' modifier or declaring the property as nullable. [C:\Users\Knover\Documents\GitHub\GameTracker\backend\GameTracker.Api.csproj]
C:\Users\Knover\Documents\GitHub\GameTracker\backend\Models\Game.cs(155,23): warning CS8618: Non-nullable property 'Name' must contain a non-null value when exiting constructor. Consider adding the 'required' modifier or declaring the property as nullable. [C:\Users\Knover\Documents\GitHub\GameTracker\backend\GameTracker.Api.csproj]
C:\Users\Knover\Documents\GitHub\GameTracker\backend\Models\Game.cs(158,23): warning CS8618: Non-nullable property 'Slug' must contain a non-null value when exiting constructor. Consider adding the 'required' modifier or declaring the property as nullable. [C:\Users\Knover\Documents\GitHub\GameTracker\backend\GameTracker.Api.csproj]
C:\Users\Knover\Documents\GitHub\GameTracker\backend\AppConfig.cs(12,45): warning CS8603: Possible null reference return. [C:\Users\Knover\Documents\GitHub\GameTracker\backend\GameTracker.Api.csproj]
C:\Users\Knover\Documents\GitHub\GameTracker\backend\AppConfig.cs(13,46): warning CS8603: Possible null reference return. [C:\Users\Knover\Documents\GitHub\GameTracker\backend\GameTracker.Api.csproj]
C:\Users\Knover\Documents\GitHub\GameTracker\backend\AppConfig.cs(7,38): warning CS8618: Non-nullable property 'Configuration' must contain a non-null value when exiting constructor. Consider adding the 'required' modifier or declaring the property as nullable. [C:\Users\Knover\Documents\GitHub\GameTracker\backend\GameTracker.Api.csproj]
C:\Users\Knover\Documents\GitHub\GameTracker\backend\Models\Game.cs(146,23): warning CS8618: Non-nullable property 'Name' must contain a non-null value when exiting constructor. Consider adding the 'required' modifier or declaring the property as nullable. [C:\Users\Knover\Documents\GitHub\GameTracker\backend\GameTracker.Api.csproj]
C:\Users\Knover\Documents\GitHub\GameTracker\backend\Models\Game.cs(149,23): warning CS8618: Non-nullable property 'Slug' must contain a non-null value when exiting constructor. Consider adding the 'required' modifier or declaring the property as nullable. [C:\Users\Knover\Documents\GitHub\GameTracker\backend\GameTracker.Api.csproj]
C:\Users\Knover\Documents\GitHub\GameTracker\backend\Models\Game.cs(74,33): warning CS8618: Non-nullable property 'Results' must contain a non-null value when exiting constructor. Consider adding the 'required' modifier or declaring the property as nullable. [C:\Users\Knover\Documents\GitHub\GameTracker\backend\GameTracker.Api.csproj]
C:\Users\Knover\Documents\GitHub\GameTracker\backend\Models\Game.cs(134,23): warning CS8618: Non-nullable property 'Minimum' must contain a non-null value when exiting constructor. Consider adding the 'required' modifier or declaring the property as nullable. [C:\Users\Knover\Documents\GitHub\GameTracker\backend\GameTracker.Api.csproj]
C:\Users\Knover\Documents\GitHub\GameTracker\backend\Models\Game.cs(137,23): warning CS8618: Non-nullable property 'Recommended' must contain a non-null value when exiting constructor. Consider adding the 'required' modifier or declaring the property as nullable. [C:\Users\Knover\Documents\GitHub\GameTracker\backend\GameTracker.Api.csproj]
C:\Users\Knover\Documents\GitHub\GameTracker\backend\Models\Game.cs(83,23): warning CS8618: Non-nullable property 'ImageUrl' must contain a non-null value when exiting constructor. Consider adding the 'required' modifier or declaring the property as nullable. [C:\Users\Knover\Documents\GitHub\GameTracker\backend\GameTracker.Api.csproj]
C:\Users\Knover\Documents\GitHub\GameTracker\backend\Models\Game.cs(125,23): warning CS8618: Non-nullable property 'Name' must contain a non-null value when exiting constructor. Consider adding the 'required' modifier or declaring the property as nullable. [C:\Users\Knover\Documents\GitHub\GameTracker\backend\GameTracker.Api.csproj]
C:\Users\Knover\Documents\GitHub\GameTracker\backend\Models\Game.cs(128,23): warning CS8618: Non-nullable property 'Slug' must contain a non-null value when exiting constructor. Consider adding the 'required' modifier or declaring the property as nullable. [C:\Users\Knover\Documents\GitHub\GameTracker\backend\GameTracker.Api.csproj]
C:\Users\Knover\Documents\GitHub\GameTracker\backend\Models\Game.cs(119,23): warning CS8618: Non-nullable property 'Name' must contain a non-null value when exiting constructor. Consider adding the 'required' modifier or declaring the property as nullable. [C:\Users\Knover\Documents\GitHub\GameTracker\backend\GameTracker.Api.csproj]
C:\Users\Knover\Documents\GitHub\GameTracker\backend\Models\Game.cs(89,29): warning CS8618: Non-nullable property 'Platform' must contain a non-null value when exiting constructor. Consider adding the 'required' modifier or declaring the property as nullable. [C:\Users\Knover\Documents\GitHub\GameTracker\backend\GameTracker.Api.csproj]
C:\Users\Knover\Documents\GitHub\GameTracker\backend\Models\Game.cs(92,23): warning CS8618: Non-nullable property 'ReleasedAt' must contain a non-null value when exiting constructor. Consider adding the 'required' modifier or declaring the property as nullable. [C:\Users\Knover\Documents\GitHub\GameTracker\backend\GameTracker.Api.csproj]
C:\Users\Knover\Documents\GitHub\GameTracker\backend\Models\Game.cs(95,29): warning CS8618: Non-nullable property 'Requirements' must contain a non-null value when exiting constructor. Consider adding the 'required' modifier or declaring the property as nullable. [C:\Users\Knover\Documents\GitHub\GameTracker\backend\GameTracker.Api.csproj]
C:\Users\Knover\Documents\GitHub\GameTracker\backend\Models\Game.cs(113,26): warning CS8618: Non-nullable property 'Store' must contain a non-null value when exiting constructor. Consider adding the 'required' modifier or declaring the property as nullable. [C:\Users\Knover\Documents\GitHub\GameTracker\backend\GameTracker.Api.csproj]
C:\Users\Knover\Documents\GitHub\GameTracker\backend\Models\Game.cs(104,23): warning CS8618: Non-nullable property 'Name' must contain a non-null value when exiting constructor. Consider adding the 'required' modifier or declaring the property as nullable. [C:\Users\Knover\Documents\GitHub\GameTracker\backend\GameTracker.Api.csproj]
C:\Users\Knover\Documents\GitHub\GameTracker\backend\Models\Game.cs(107,23): warning CS8618: Non-nullable property 'Slug' must contain a non-null value when exiting constructor. Consider adding the 'required' modifier or declaring the property as nullable. [C:\Users\Knover\Documents\GitHub\GameTracker\backend\GameTracker.Api.csproj]
C:\Users\Knover\Documents\GitHub\GameTracker\backend\Data\DatabaseHelper.cs(59,29): warning CS8600: Converting null literal or possible null value to non-nullable type. [C:\Users\Knover\Documents\GitHub\GameTracker\backend\GameTracker.Api.csproj]
C:\Users\Knover\Documents\GitHub\GameTracker\backend\Managers\UserManager.cs(88,34): warning CS8600: Converting null literal or possible null value to non-nullable type. [C:\Users\Knover\Documents\GitHub\GameTracker\backend\GameTracker.Api.csproj]
C:\Users\Knover\Documents\GitHub\GameTracker\backend\Managers\UserManager.cs(89,41): warning CS8600: Converting null literal or possible null value to non-nullable type. [C:\Users\Knover\Documents\GitHub\GameTracker\backend\GameTracker.Api.csproj]
C:\Users\Knover\Documents\GitHub\GameTracker\backend\Managers\UserManager.cs(92,67): warning CS8604: Possible null reference argument for parameter 'salt' in 'string UserManager.HashPassword(string password, string salt)'. [C:\Users\Knover\Documents\GitHub\GameTracker\backend\GameTracker.Api.csproj]
C:\Users\Knover\Documents\GitHub\GameTracker\backend\Managers\UserManager.cs(99,20): warning CS8603: Possible null reference return. [C:\Users\Knover\Documents\GitHub\GameTracker\backend\GameTracker.Api.csproj]
C:\Users\Knover\Documents\GitHub\GameTracker\backend\Models\Game.cs(12,23): warning CS8618: Non-nullable property 'Name' must contain a non-null value when exiting constructor. Consider adding the 'required' modifier or declaring the property as nullable. [C:\Users\Knover\Documents\GitHub\GameTracker\backend\GameTracker.Api.csproj]
C:\Users\Knover\Documents\GitHub\GameTracker\backend\Models\Game.cs(15,23): warning CS8618: Non-nullable property 'BackgroundImage' must contain a non-null value when exiting constructor. Consider adding the 'required' modifier or declaring the property as nullable. [C:\Users\Knover\Documents\GitHub\GameTracker\backend\GameTracker.Api.csproj]
C:\Users\Knover\Documents\GitHub\GameTracker\backend\Models\Game.cs(18,23): warning CS8618: Non-nullable property 'BackgroundImageAdditional' must contain a non-null value when exiting constructor. Consider adding the 'required' modifier or declaring the property as nullable. [C:\Users\Knover\Documents\GitHub\GameTracker\backend\GameTracker.Api.csproj]
C:\Users\Knover\Documents\GitHub\GameTracker\backend\Models\Game.cs(21,23): warning CS8618: Non-nullable property 'DescriptionRaw' must contain a non-null value when exiting constructor. Consider adding the 'required' modifier or declaring the property as nullable. [C:\Users\Knover\Documents\GitHub\GameTracker\backend\GameTracker.Api.csproj]
C:\Users\Knover\Documents\GitHub\GameTracker\backend\Models\Game.cs(33,23): warning CS8618: Non-nullable property 'Released' must contain a non-null value when exiting constructor. Consider adding the 'required' modifier or declaring the property as nullable. [C:\Users\Knover\Documents\GitHub\GameTracker\backend\GameTracker.Api.csproj]
C:\Users\Knover\Documents\GitHub\GameTracker\backend\Models\Game.cs(36,23): warning CS8618: Non-nullable property 'Updated' must contain a non-null value when exiting constructor. Consider adding the 'required' modifier or declaring the property as nullable. [C:\Users\Knover\Documents\GitHub\GameTracker\backend\GameTracker.Api.csproj]
C:\Users\Knover\Documents\GitHub\GameTracker\backend\Models\Game.cs(42,23): warning CS8618: Non-nullable property 'Website' must contain a non-null value when exiting constructor. Consider adding the 'required' modifier or declaring the property as nullable. [C:\Users\Knover\Documents\GitHub\GameTracker\backend\GameTracker.Api.csproj]
C:\Users\Knover\Documents\GitHub\GameTracker\backend\Models\Game.cs(45,27): warning CS8618: Non-nullable property 'EsrbRating' must contain a non-null value when exiting constructor. Consider adding the 'required' modifier or declaring the property as nullable. [C:\Users\Knover\Documents\GitHub\GameTracker\backend\GameTracker.Api.csproj]
C:\Users\Knover\Documents\GitHub\GameTracker\backend\Models\Game.cs(48,38): warning CS8618: Non-nullable property 'Platforms' must contain a non-null value when exiting constructor. Consider adding the 'required' modifier or declaring the property as nullable. [C:\Users\Knover\Documents\GitHub\GameTracker\backend\GameTracker.Api.csproj]
C:\Users\Knover\Documents\GitHub\GameTracker\backend\Models\Game.cs(51,28): warning CS8618: Non-nullable property 'Genres' must contain a non-null value when exiting constructor. Consider adding the 'required' modifier or declaring the property as nullable. [C:\Users\Knover\Documents\GitHub\GameTracker\backend\GameTracker.Api.csproj]
C:\Users\Knover\Documents\GitHub\GameTracker\backend\Models\Game.cs(54,32): warning CS8618: Non-nullable property 'Developers' must contain a non-null value when exiting constructor. Consider adding the 'required' modifier or declaring the property as nullable. [C:\Users\Knover\Documents\GitHub\GameTracker\backend\GameTracker.Api.csproj]
C:\Users\Knover\Documents\GitHub\GameTracker\backend\Models\Game.cs(57,32): warning CS8618: Non-nullable property 'Publishers' must contain a non-null value when exiting constructor. Consider adding the 'required' modifier or declaring the property as nullable. [C:\Users\Knover\Documents\GitHub\GameTracker\backend\GameTracker.Api.csproj]
C:\Users\Knover\Documents\GitHub\GameTracker\backend\Models\Game.cs(60,35): warning CS8618: Non-nullable property 'Stores' must contain a non-null value when exiting constructor. Consider adding the 'required' modifier or declaring the property as nullable. [C:\Users\Knover\Documents\GitHub\GameTracker\backend\GameTracker.Api.csproj]
C:\Users\Knover\Documents\GitHub\GameTracker\backend\Models\Game.cs(63,26): warning CS8618: Non-nullable property 'Tags' must contain a non-null value when exiting constructor. Consider adding the 'required' modifier or declaring the property as nullable. [C:\Users\Knover\Documents\GitHub\GameTracker\backend\GameTracker.Api.csproj]
C:\Users\Knover\Documents\GitHub\GameTracker\backend\Models\Game.cs(66,33): warning CS8618: Non-nullable property 'ShortScreenshots' must contain a non-null value when exiting constructor. Consider adding the 'required' modifier or declaring the property as nullable. [C:\Users\Knover\Documents\GitHub\GameTracker\backend\GameTracker.Api.csproj]
C:\Users\Knover\Documents\GitHub\GameTracker\backend\Managers\LibraryManager.cs(78,28): warning CS8601: Possible null reference assignment. [C:\Users\Knover\Documents\GitHub\GameTracker\backend\GameTracker.Api.csproj]
C:\Users\Knover\Documents\GitHub\GameTracker\backend\Managers\LibraryManager.cs(79,39): warning CS8601: Possible null reference assignment. [C:\Users\Knover\Documents\GitHub\GameTracker\backend\GameTracker.Api.csproj]
C:\Users\Knover\Documents\GitHub\GameTracker\backend\Services\GeminiService.cs(87,37): warning CS8600: Converting null literal or possible null value to non-nullable type. [C:\Users\Knover\Documents\GitHub\GameTracker\backend\GameTracker.Api.csproj]
C:\Users\Knover\Documents\GitHub\GameTracker\backend\Services\RawgApiService.cs(181,28): warning CS8603: Possible null reference return. [C:\Users\Knover\Documents\GitHub\GameTracker\backend\GameTracker.Api.csproj]
C:\Users\Knover\Documents\GitHub\GameTracker\backend\Services\RawgApiService.cs(188,24): warning CS8603: Possible null reference return. [C:\Users\Knover\Documents\GitHub\GameTracker\backend\GameTracker.Api.csproj]
C:\Users\Knover\Documents\GitHub\GameTracker\backend\Services\RawgApiService.cs(193,24): warning CS8603: Possible null reference return. [C:\Users\Knover\Documents\GitHub\GameTracker\backend\GameTracker.Api.csproj]
C:\Users\Knover\Documents\GitHub\GameTracker\backend\Program.cs(17,28): error CS0246: The type or namespace name 'RawgApiService' could not be found (are you missing a using directive or an assembly reference?) [C:\Users\Knover\Documents\GitHub\GameTracker\backend\GameTracker.Api.csproj]
C:\Users\Knover\Documents\GitHub\GameTracker\backend\Program.cs(19,28): error CS0246: The type or namespace name 'EmailService' could not be found (are you missing a using directive or an assembly reference?) [C:\Users\Knover\Documents\GitHub\GameTracker\backend\GameTracker.Api.csproj]
    63 Warning(s)
    2 Error(s)

Time Elapsed 00:00:01.31
