  Determining projects to restore...
  All projects are up-to-date for restore.
C:\Users\Knover\Documents\GitHub\GameTracker\backend\Managers\LibraryManager.cs(43,83): warning CS8625: Cannot convert null literal to non-nullable reference type. [C:\Users\Knover\Documents\GitHub\GameTracker\backend\GameTracker.Api.csproj]
C:\Users\Knover\Documents\GitHub\GameTracker\backend\Data\DatabaseHelper.cs(12,23): error CS0246: The type or namespace name 'DataTable' could not be found (are you missing a using directive or an assembly reference?) [C:\Users\Knover\Documents\GitHub\GameTracker\backend\GameTracker.Api.csproj]
C:\Users\Knover\Documents\GitHub\GameTracker\backend\Data\DatabaseHelper.cs(12,88): warning CS8625: Cannot convert null literal to non-nullable reference type. [C:\Users\Knover\Documents\GitHub\GameTracker\backend\GameTracker.Api.csproj]
C:\Users\Knover\Documents\GitHub\GameTracker\backend\Data\DatabaseHelper.cs(34,85): warning CS8625: Cannot convert null literal to non-nullable reference type. [C:\Users\Knover\Documents\GitHub\GameTracker\backend\GameTracker.Api.csproj]
C:\Users\Knover\Documents\GitHub\GameTracker\backend\Data\DatabaseHelper.cs(56,86): warning CS8625: Cannot convert null literal to non-nullable reference type. [C:\Users\Knover\Documents\GitHub\GameTracker\backend\GameTracker.Api.csproj]

Build FAILED.

C:\Users\Knover\Documents\GitHub\GameTracker\backend\Managers\LibraryManager.cs(43,83): warning CS8625: Cannot convert null literal to non-nullable reference type. [C:\Users\Knover\Documents\GitHub\GameTracker\backend\GameTracker.Api.csproj]
C:\Users\Knover\Documents\GitHub\GameTracker\backend\Data\DatabaseHelper.cs(12,88): warning CS8625: Cannot convert null literal to non-nullable reference type. [C:\Users\Knover\Documents\GitHub\GameTracker\backend\GameTracker.Api.csproj]
C:\Users\Knover\Documents\GitHub\GameTracker\backend\Data\DatabaseHelper.cs(34,85): warning CS8625: Cannot convert null literal to non-nullable reference type. [C:\Users\Knover\Documents\GitHub\GameTracker\backend\GameTracker.Api.csproj]
C:\Users\Knover\Documents\GitHub\GameTracker\backend\Data\DatabaseHelper.cs(56,86): warning CS8625: Cannot convert null literal to non-nullable reference type. [C:\Users\Knover\Documents\GitHub\GameTracker\backend\GameTracker.Api.csproj]
C:\Users\Knover\Documents\GitHub\GameTracker\backend\Data\DatabaseHelper.cs(12,23): error CS0246: The type or namespace name 'DataTable' could not be found (are you missing a using directive or an assembly reference?) [C:\Users\Knover\Documents\GitHub\GameTracker\backend\GameTracker.Api.csproj]
    4 Warning(s)
    1 Error(s)

Time Elapsed 00:00:01.93
